// Jest Snapshot v1, https://goo.gl/fbAQLP

exports[`Test for ListItem should render the Listitem 1`] = `
<View
  accessible={true}
  isTVSelectable={true}
  onResponderGrant={[Function]}
  onResponderMove={[Function]}
  onResponderRelease={[Function]}
  onResponderTerminate={[Function]}
  onResponderTerminationRequest={[Function]}
  onStartShouldSetResponder={[Function]}
  style={
    Object {
      "borderColor": "black",
      "borderWidth": 1,
      "marginHorizontal": 8,
      "marginVertical": 5,
      "opacity": 1,
      "padding": 5,
    }
  }
>
  <Text
    style={
      Object {
        "color": "black",
        "fontSize": 16,
      }
    }
  >
    Name: 
    Test
  </Text>
  <Text
    style={
      Object {
        "color": "black",
        "fontSize": 16,
      }
    }
  >
    Hotel Name: 
    Test Hotel
  </Text>
  <Text
    style={
      Object {
        "color": "black",
        "fontSize": 16,
      }
    }
  >
    Departure Date: 
    20 Mar 2019
  </Text>
  <Text
    style={
      Object {
        "color": "black",
        "fontSize": 16,
      }
    }
  >
    Arrival Date: 
    22 Mar 2019
  </Text>
</View>
`;
